

================================================================
== Vivado HLS Report for 'has_key'
================================================================
* Date:           Tue May 21 18:44:49 2019

* Version:        2018.3 (Build 2405991 on Thu Dec 06 23:56:15 MST 2018)
* Project:        lr_standaloneHLS
* Solution:       solution1
* Product family: kintexu
* Target device:  xcku115-flvb2104-2-e


================================================================
== Performance Estimates
================================================================
+ Timing (ns): 
    * Summary: 
    +--------+-------+----------+------------+
    |  Clock | Target| Estimated| Uncertainty|
    +--------+-------+----------+------------+
    |ap_clk  |  10.00|     2.673|        1.25|
    +--------+-------+----------+------------+

+ Latency (clock cycles): 
    * Summary: 
    +-----+-----+-----+-----+---------+
    |  Latency  |  Interval | Pipeline|
    | min | max | min | max |   Type  |
    +-----+-----+-----+-----+---------+
    |    ?|    ?|    ?|    ?|   none  |
    +-----+-----+-----+-----+---------+

    + Detail: 
        * Instance: 
        N/A

        * Loop: 
        +----------+-----+-----+----------+-----------+-----------+------+----------+
        |          |  Latency  | Iteration|  Initiation Interval  | Trip |          |
        | Loop Name| min | max |  Latency |  achieved |   target  | Count| Pipelined|
        +----------+-----+-----+----------+-----------+-----------+------+----------+
        |- Loop 1  |    ?|    ?|         2|          -|          -|     ?|    no    |
        +----------+-----+-----+----------+-----------+-----------+------+----------+



================================================================
== Utilization Estimates
================================================================
* Summary: 
+---------------------+---------+-------+---------+--------+
|         Name        | BRAM_18K| DSP48E|    FF   |   LUT  |
+---------------------+---------+-------+---------+--------+
|DSP                  |        -|      -|        -|       -|
|Expression           |        -|      -|        0|      79|
|FIFO                 |        -|      -|        -|       -|
|Instance             |        -|      -|        -|       -|
|Memory               |        -|      -|        -|       -|
|Multiplexer          |        -|      -|        -|      48|
|Register             |        -|      -|       70|       -|
+---------------------+---------+-------+---------+--------+
|Total                |        0|      0|       70|     127|
+---------------------+---------+-------+---------+--------+
|Available SLR        |     2160|   2760|   663360|  331680|
+---------------------+---------+-------+---------+--------+
|Utilization SLR (%)  |        0|      0|    ~0   |   ~0   |
+---------------------+---------+-------+---------+--------+
|Available            |     4320|   5520|  1326720|  663360|
+---------------------+---------+-------+---------+--------+
|Utilization (%)      |        0|      0|    ~0   |   ~0   |
+---------------------+---------+-------+---------+--------+

+ Detail: 
    * Instance: 
    N/A

    * DSP48: 
    N/A

    * Memory: 
    N/A

    * FIFO: 
    N/A

    * Expression: 
    +----------------+----------+-------+---+----+------------+------------+
    |  Variable Name | Operation| DSP48E| FF| LUT| Bitwidth P0| Bitwidth P1|
    +----------------+----------+-------+---+----+------------+------------+
    |i_1_fu_71_p2    |     +    |      0|  0|  39|          32|           1|
    |tmp_5_fu_82_p2  |   icmp   |      0|  0|  20|          32|          32|
    |tmp_fu_66_p2    |   icmp   |      0|  0|  20|          32|          32|
    +----------------+----------+-------+---+----+------------+------------+
    |Total           |          |      0|  0|  79|          96|          65|
    +----------------+----------+-------+---+----+------------+------------+

    * Multiplexer: 
    +-----------------------------+----+-----------+-----+-----------+
    |             Name            | LUT| Input Size| Bits| Total Bits|
    +-----------------------------+----+-----------+-----+-----------+
    |ap_NS_fsm                    |  21|          4|    1|          4|
    |ap_phi_mux_p_0_phi_fu_58_p4  |   9|          2|    1|          2|
    |ap_return                    |   9|          2|    1|          2|
    |i_reg_43                     |   9|          2|   32|         64|
    +-----------------------------+----+-----------+-----+-----------+
    |Total                        |  48|         10|   35|         72|
    +-----------------------------+----+-----------+-----+-----------+

    * Register: 
    +----------------+----+----+-----+-----------+
    |      Name      | FF | LUT| Bits| Const Bits|
    +----------------+----+----+-----+-----------+
    |ap_CS_fsm       |   3|   0|    3|          0|
    |ap_return_preg  |   1|   0|    1|          0|
    |i_1_reg_101     |  32|   0|   32|          0|
    |i_reg_43        |  32|   0|   32|          0|
    |p_0_reg_54      |   1|   0|    1|          0|
    |tmp_reg_97      |   1|   0|    1|          0|
    +----------------+----+----+-----+-----------+
    |Total           |  70|   0|   70|          0|
    +----------------+----+----+-----+-----------+



================================================================
== Interface
================================================================
* Summary: 
+-------------------------------------------------------+-----+-----+------------+----------------------------------------------+--------------+
|                       RTL Ports                       | Dir | Bits|  Protocol  |                 Source Object                |    C Type    |
+-------------------------------------------------------+-----+-----+------------+----------------------------------------------+--------------+
|ap_clk                                                 |  in |    1| ap_ctrl_hs |                    has_key                   | return value |
|ap_rst                                                 |  in |    1| ap_ctrl_hs |                    has_key                   | return value |
|ap_start                                               |  in |    1| ap_ctrl_hs |                    has_key                   | return value |
|ap_done                                                | out |    1| ap_ctrl_hs |                    has_key                   | return value |
|ap_idle                                                | out |    1| ap_ctrl_hs |                    has_key                   | return value |
|ap_ready                                               | out |    1| ap_ctrl_hs |                    has_key                   | return value |
|ap_return                                              | out |    1| ap_ctrl_hs |                    has_key                   | return value |
|mapHLS_unsigned_int_arrayHLS_Stub_size_read            |  in |   32|   ap_none  |  mapHLS_unsigned_int_arrayHLS_Stub_size_read |    scalar    |
|mapHLS_unsigned_int_arrayHLS_Stub_data_first_address0  | out |    5|  ap_memory | mapHLS_unsigned_int_arrayHLS_Stub_data_first |     array    |
|mapHLS_unsigned_int_arrayHLS_Stub_data_first_ce0       | out |    1|  ap_memory | mapHLS_unsigned_int_arrayHLS_Stub_data_first |     array    |
|mapHLS_unsigned_int_arrayHLS_Stub_data_first_q0        |  in |   32|  ap_memory | mapHLS_unsigned_int_arrayHLS_Stub_data_first |     array    |
|idx_read                                               |  in |   32|   ap_none  |                   idx_read                   |    scalar    |
+-------------------------------------------------------+-----+-----+------------+----------------------------------------------+--------------+

